[0.030s][info][gc,heap] Heap region size: 1M
[0.033s][info][gc     ] Using G1
[0.034s][info][gc,heap,coops] Heap address: 0x00000007f8000000, size: 128 MB, Compressed Oops mode: Zero based, Oop shift amount: 3
[0.034s][info][gc,cds       ] Mark closed archive regions in map: [0x00000007fff00000, 0x00000007fff6eff8]
[0.034s][info][gc,cds       ] Mark open archive regions in map: [0x00000007ffe00000, 0x00000007ffe45ff8]
[0.061s][info][gc           ] Periodic GC disabled
[0.436s][info][gc,start     ] GC(0) Pause Young (Normal) (G1 Evacuation Pause)
[0.436s][info][gc,task      ] GC(0) Using 3 workers of 4 for evacuation
[0.465s][info][gc,phases    ] GC(0)   Pre Evacuate Collection Set: 0.0ms
[0.465s][info][gc,phases    ] GC(0)   Evacuate Collection Set: 27.9ms
[0.465s][info][gc,phases    ] GC(0)   Post Evacuate Collection Set: 0.3ms
[0.465s][info][gc,phases    ] GC(0)   Other: 0.4ms
[0.465s][info][gc,heap      ] GC(0) Eden regions: 14->0(4)
[0.465s][info][gc,heap      ] GC(0) Survivor regions: 0->2(2)
[0.465s][info][gc,heap      ] GC(0) Old regions: 0->10
[0.465s][info][gc,heap      ] GC(0) Archive regions: 2->2
[0.465s][info][gc,heap      ] GC(0) Humongous regions: 20->20
[0.465s][info][gc,metaspace ] GC(0) Metaspace: 3268K->3268K(1056768K)
[0.465s][info][gc           ] GC(0) Pause Young (Normal) (G1 Evacuation Pause) 34M->31M(128M) 28.838ms
[0.465s][info][gc,cpu       ] GC(0) User=0.07s Sys=0.01s Real=0.03s
[0.470s][info][gc,start     ] GC(1) Pause Young (Normal) (G1 Evacuation Pause)
[0.470s][info][gc,task      ] GC(1) Using 3 workers of 4 for evacuation
[0.485s][info][gc,phases    ] GC(1)   Pre Evacuate Collection Set: 0.0ms
[0.485s][info][gc,phases    ] GC(1)   Evacuate Collection Set: 14.9ms
[0.485s][info][gc,phases    ] GC(1)   Post Evacuate Collection Set: 0.2ms
[0.485s][info][gc,phases    ] GC(1)   Other: 0.2ms
[0.485s][info][gc,heap      ] GC(1) Eden regions: 4->0(10)
[0.485s][info][gc,heap      ] GC(1) Survivor regions: 2->1(1)
[0.485s][info][gc,heap      ] GC(1) Old regions: 10->15
[0.485s][info][gc,heap      ] GC(1) Archive regions: 2->2
[0.485s][info][gc,heap      ] GC(1) Humongous regions: 20->20
[0.485s][info][gc,metaspace ] GC(1) Metaspace: 3367K->3367K(1056768K)
[0.485s][info][gc           ] GC(1) Pause Young (Normal) (G1 Evacuation Pause) 35M->36M(128M) 15.496ms
[0.485s][info][gc,cpu       ] GC(1) User=0.04s Sys=0.01s Real=0.02s
[0.494s][info][gc,start     ] GC(2) Pause Young (Normal) (G1 Evacuation Pause)
[0.494s][info][gc,task      ] GC(2) Using 3 workers of 4 for evacuation
[0.516s][info][gc,phases    ] GC(2)   Pre Evacuate Collection Set: 0.0ms
[0.516s][info][gc,phases    ] GC(2)   Evacuate Collection Set: 21.3ms
[0.516s][info][gc,phases    ] GC(2)   Post Evacuate Collection Set: 0.1ms
[0.516s][info][gc,phases    ] GC(2)   Other: 0.2ms
[0.516s][info][gc,heap      ] GC(2) Eden regions: 10->0(18)
[0.516s][info][gc,heap      ] GC(2) Survivor regions: 1->2(2)
[0.516s][info][gc,heap      ] GC(2) Old regions: 15->24
[0.516s][info][gc,heap      ] GC(2) Archive regions: 2->2
[0.516s][info][gc,heap      ] GC(2) Humongous regions: 20->20
[0.516s][info][gc,metaspace ] GC(2) Metaspace: 3459K->3459K(1056768K)
[0.516s][info][gc           ] GC(2) Pause Young (Normal) (G1 Evacuation Pause) 46M->46M(128M) 21.849ms
[0.516s][info][gc,cpu       ] GC(2) User=0.05s Sys=0.00s Real=0.03s
[0.538s][info][gc,start     ] GC(3) Pause Young (Normal) (G1 Evacuation Pause)
[0.538s][info][gc,task      ] GC(3) Using 3 workers of 4 for evacuation
[0.578s][info][gc,phases    ] GC(3)   Pre Evacuate Collection Set: 0.0ms
[0.578s][info][gc,phases    ] GC(3)   Evacuate Collection Set: 39.9ms
[0.578s][info][gc,phases    ] GC(3)   Post Evacuate Collection Set: 0.1ms
[0.578s][info][gc,phases    ] GC(3)   Other: 0.2ms
[0.578s][info][gc,heap      ] GC(3) Eden regions: 18->0(15)
[0.578s][info][gc,heap      ] GC(3) Survivor regions: 2->3(3)
[0.578s][info][gc,heap      ] GC(3) Old regions: 24->42
[0.578s][info][gc,heap      ] GC(3) Archive regions: 2->2
[0.578s][info][gc,heap      ] GC(3) Humongous regions: 20->20
[0.578s][info][gc,metaspace ] GC(3) Metaspace: 3615K->3615K(1056768K)
[0.578s][info][gc           ] GC(3) Pause Young (Normal) (G1 Evacuation Pause) 64M->65M(128M) 40.600ms
[0.578s][info][gc,cpu       ] GC(3) User=0.08s Sys=0.01s Real=0.04s
[0.588s][info][gc,start     ] GC(4) Pause Young (Concurrent Start) (G1 Evacuation Pause)
[0.588s][info][gc,task      ] GC(4) Using 3 workers of 4 for evacuation
[0.628s][info][gc,phases    ] GC(4)   Pre Evacuate Collection Set: 0.0ms
[0.628s][info][gc,phases    ] GC(4)   Evacuate Collection Set: 39.4ms
[0.628s][info][gc,phases    ] GC(4)   Post Evacuate Collection Set: 0.1ms
[0.628s][info][gc,phases    ] GC(4)   Other: 0.2ms
[0.628s][info][gc,heap      ] GC(4) Eden regions: 15->0(10)
[0.628s][info][gc,heap      ] GC(4) Survivor regions: 3->3(3)
[0.628s][info][gc,heap      ] GC(4) Old regions: 42->57
[0.628s][info][gc,heap      ] GC(4) Archive regions: 2->2
[0.628s][info][gc,heap      ] GC(4) Humongous regions: 20->20
[0.628s][info][gc,metaspace ] GC(4) Metaspace: 3663K->3663K(1056768K)
[0.628s][info][gc           ] GC(4) Pause Young (Concurrent Start) (G1 Evacuation Pause) 80M->80M(128M) 39.895ms
[0.628s][info][gc,cpu       ] GC(4) User=0.07s Sys=0.01s Real=0.04s
[0.628s][info][gc           ] GC(5) Concurrent Cycle
[0.628s][info][gc,marking   ] GC(5) Concurrent Clear Claimed Marks
[0.628s][info][gc,marking   ] GC(5) Concurrent Clear Claimed Marks 0.036ms
[0.628s][info][gc,marking   ] GC(5) Concurrent Scan Root Regions
[0.641s][info][gc,marking   ] GC(5) Concurrent Scan Root Regions 12.471ms
[0.641s][info][gc,marking   ] GC(5) Concurrent Mark (0.641s)
[0.641s][info][gc,marking   ] GC(5) Concurrent Mark From Roots
[0.641s][info][gc,task      ] GC(5) Using 1 workers of 1 for marking
[0.649s][info][gc,start     ] GC(6) Pause Young (Normal) (G1 Evacuation Pause)
[0.649s][info][gc,task      ] GC(6) Using 3 workers of 4 for evacuation
[0.680s][info][gc,phases    ] GC(6)   Pre Evacuate Collection Set: 0.0ms
[0.680s][info][gc,phases    ] GC(6)   Evacuate Collection Set: 30.6ms
[0.680s][info][gc,phases    ] GC(6)   Post Evacuate Collection Set: 0.1ms
[0.680s][info][gc,phases    ] GC(6)   Other: 0.2ms
[0.680s][info][gc,heap      ] GC(6) Eden regions: 10->0(6)
[0.680s][info][gc,heap      ] GC(6) Survivor regions: 3->2(2)
[0.680s][info][gc,heap      ] GC(6) Old regions: 57->69
[0.680s][info][gc,heap      ] GC(6) Archive regions: 2->2
[0.680s][info][gc,heap      ] GC(6) Humongous regions: 20->20
[0.680s][info][gc,metaspace ] GC(6) Metaspace: 3721K->3721K(1056768K)
[0.680s][info][gc           ] GC(6) Pause Young (Normal) (G1 Evacuation Pause) 90M->91M(128M) 31.119ms
[0.680s][info][gc,cpu       ] GC(6) User=0.06s Sys=0.01s Real=0.03s
[0.692s][info][gc,start     ] GC(7) Pause Young (Normal) (G1 Evacuation Pause)
[0.692s][info][gc,task      ] GC(7) Using 3 workers of 4 for evacuation
[0.709s][info][gc,phases    ] GC(7)   Pre Evacuate Collection Set: 0.0ms
[0.709s][info][gc,phases    ] GC(7)   Evacuate Collection Set: 17.4ms
[0.709s][info][gc,phases    ] GC(7)   Post Evacuate Collection Set: 0.1ms
[0.709s][info][gc,phases    ] GC(7)   Other: 0.2ms
[0.709s][info][gc,heap      ] GC(7) Eden regions: 6->0(5)
[0.709s][info][gc,heap      ] GC(7) Survivor regions: 2->1(1)
[0.709s][info][gc,heap      ] GC(7) Old regions: 69->76
[0.709s][info][gc,heap      ] GC(7) Archive regions: 2->2
[0.709s][info][gc,heap      ] GC(7) Humongous regions: 20->20
[0.709s][info][gc,metaspace ] GC(7) Metaspace: 3724K->3724K(1056768K)
[0.709s][info][gc           ] GC(7) Pause Young (Normal) (G1 Evacuation Pause) 97M->97M(128M) 17.826ms
[0.709s][info][gc,cpu       ] GC(7) User=0.04s Sys=0.01s Real=0.02s
[0.713s][info][gc,start     ] GC(8) Pause Young (Normal) (G1 Evacuation Pause)
[0.714s][info][gc,task      ] GC(8) Using 3 workers of 4 for evacuation
[0.731s][info][gc,phases    ] GC(8)   Pre Evacuate Collection Set: 0.0ms
[0.731s][info][gc,phases    ] GC(8)   Evacuate Collection Set: 16.8ms
[0.731s][info][gc,phases    ] GC(8)   Post Evacuate Collection Set: 0.2ms
[0.731s][info][gc,phases    ] GC(8)   Other: 0.2ms
[0.731s][info][gc,heap      ] GC(8) Eden regions: 5->0(5)
[0.731s][info][gc,heap      ] GC(8) Survivor regions: 1->1(1)
[0.731s][info][gc,heap      ] GC(8) Old regions: 76->82
[0.731s][info][gc,heap      ] GC(8) Archive regions: 2->2
[0.731s][info][gc,heap      ] GC(8) Humongous regions: 20->20
[0.731s][info][gc,metaspace ] GC(8) Metaspace: 3725K->3725K(1056768K)
[0.731s][info][gc           ] GC(8) Pause Young (Normal) (G1 Evacuation Pause) 102M->103M(128M) 17.420ms
[0.731s][info][gc,cpu       ] GC(8) User=0.04s Sys=0.00s Real=0.02s
[0.736s][info][gc,start     ] GC(9) Pause Young (Normal) (G1 Evacuation Pause)
[0.736s][info][gc,task      ] GC(9) Using 3 workers of 4 for evacuation
[0.748s][info][gc,phases    ] GC(9)   Pre Evacuate Collection Set: 0.0ms
[0.748s][info][gc,phases    ] GC(9)   Evacuate Collection Set: 11.6ms
[0.748s][info][gc,phases    ] GC(9)   Post Evacuate Collection Set: 0.1ms
[0.748s][info][gc,phases    ] GC(9)   Other: 0.2ms
[0.748s][info][gc,heap      ] GC(9) Eden regions: 5->0(5)
[0.748s][info][gc,heap      ] GC(9) Survivor regions: 1->1(1)
[0.748s][info][gc,heap      ] GC(9) Old regions: 82->87
[0.748s][info][gc,heap      ] GC(9) Archive regions: 2->2
[0.748s][info][gc,heap      ] GC(9) Humongous regions: 20->20
[0.748s][info][gc,metaspace ] GC(9) Metaspace: 3732K->3732K(1056768K)
[0.748s][info][gc           ] GC(9) Pause Young (Normal) (G1 Evacuation Pause) 108M->108M(128M) 12.085ms
[0.748s][info][gc,cpu       ] GC(9) User=0.02s Sys=0.00s Real=0.01s
[0.754s][info][gc,start     ] GC(10) Pause Young (Normal) (G1 Evacuation Pause)
[0.754s][info][gc,task      ] GC(10) Using 3 workers of 4 for evacuation
[0.764s][info][gc,phases    ] GC(10)   Pre Evacuate Collection Set: 0.0ms
[0.764s][info][gc,phases    ] GC(10)   Evacuate Collection Set: 9.8ms
[0.764s][info][gc,phases    ] GC(10)   Post Evacuate Collection Set: 0.1ms
[0.764s][info][gc,phases    ] GC(10)   Other: 0.2ms
[0.764s][info][gc,heap      ] GC(10) Eden regions: 5->0(5)
[0.764s][info][gc,heap      ] GC(10) Survivor regions: 1->1(1)
[0.764s][info][gc,heap      ] GC(10) Old regions: 87->93
[0.764s][info][gc,heap      ] GC(10) Archive regions: 2->2
[0.764s][info][gc,heap      ] GC(10) Humongous regions: 20->20
[0.764s][info][gc,metaspace ] GC(10) Metaspace: 3734K->3734K(1056768K)
[0.764s][info][gc           ] GC(10) Pause Young (Normal) (G1 Evacuation Pause) 113M->114M(128M) 10.315ms
[0.764s][info][gc,cpu       ] GC(10) User=0.02s Sys=0.00s Real=0.01s
[0.770s][info][gc,start     ] GC(11) Pause Young (Normal) (G1 Evacuation Pause)
[0.770s][info][gc,task      ] GC(11) Using 3 workers of 4 for evacuation
[0.780s][info][gc,phases    ] GC(11)   Pre Evacuate Collection Set: 0.0ms
[0.780s][info][gc,phases    ] GC(11)   Evacuate Collection Set: 9.7ms
[0.780s][info][gc,phases    ] GC(11)   Post Evacuate Collection Set: 0.1ms
[0.780s][info][gc,phases    ] GC(11)   Other: 0.2ms
[0.780s][info][gc,heap      ] GC(11) Eden regions: 5->0(5)
[0.780s][info][gc,heap      ] GC(11) Survivor regions: 1->1(1)
[0.780s][info][gc,heap      ] GC(11) Old regions: 93->98
[0.780s][info][gc,heap      ] GC(11) Archive regions: 2->2
[0.780s][info][gc,heap      ] GC(11) Humongous regions: 20->20
[0.780s][info][gc,metaspace ] GC(11) Metaspace: 3735K->3735K(1056768K)
[0.780s][info][gc           ] GC(11) Pause Young (Normal) (G1 Evacuation Pause) 119M->119M(128M) 10.201ms
[0.780s][info][gc,cpu       ] GC(11) User=0.03s Sys=0.00s Real=0.01s
[0.785s][info][gc,start     ] GC(12) Pause Young (Normal) (G1 Evacuation Pause)
[0.785s][info][gc,task      ] GC(12) Using 3 workers of 4 for evacuation
[0.803s][info][gc           ] GC(12) To-space exhausted
[0.803s][info][gc,phases    ] GC(12)   Pre Evacuate Collection Set: 0.0ms
[0.803s][info][gc,phases    ] GC(12)   Evacuate Collection Set: 10.4ms
[0.803s][info][gc,phases    ] GC(12)   Post Evacuate Collection Set: 7.5ms
[0.803s][info][gc,phases    ] GC(12)   Other: 0.2ms
[0.804s][info][gc,heap      ] GC(12) Eden regions: 5->0(5)
[0.804s][info][gc,heap      ] GC(12) Survivor regions: 1->1(1)
[0.804s][info][gc,heap      ] GC(12) Old regions: 98->105
[0.804s][info][gc,heap      ] GC(12) Archive regions: 2->2
[0.804s][info][gc,heap      ] GC(12) Humongous regions: 20->20
[0.804s][info][gc,metaspace ] GC(12) Metaspace: 3736K->3736K(1056768K)
[0.804s][info][gc           ] GC(12) Pause Young (Normal) (G1 Evacuation Pause) 124M->126M(128M) 18.396ms
[0.804s][info][gc,cpu       ] GC(12) User=0.05s Sys=0.01s Real=0.01s
[0.804s][info][gc,task      ] GC(13) Using 3 workers of 4 for full compaction
[0.804s][info][gc,start     ] GC(13) Pause Full (G1 Evacuation Pause)
[0.805s][info][gc,phases,start] GC(13) Phase 1: Mark live objects
[0.908s][info][gc,stringtable ] GC(13) Cleaned string table, strings: 872 processed, 5 removed
[0.908s][info][gc,phases      ] GC(13) Phase 1: Mark live objects 102.551ms
[0.908s][info][gc,phases,start] GC(13) Phase 2: Prepare for compaction
[0.946s][info][gc,phases      ] GC(13) Phase 2: Prepare for compaction 38.858ms
[0.947s][info][gc,phases,start] GC(13) Phase 3: Adjust pointers
[1.008s][info][gc,phases      ] GC(13) Phase 3: Adjust pointers 61.338ms
[1.008s][info][gc,phases,start] GC(13) Phase 4: Compact heap
[1.057s][info][gc,phases      ] GC(13) Phase 4: Compact heap 48.817ms
[1.058s][info][gc,heap        ] GC(13) Eden regions: 0->0(6)
[1.058s][info][gc,heap        ] GC(13) Survivor regions: 1->0(1)
[1.058s][info][gc,heap        ] GC(13) Old regions: 105->100
[1.058s][info][gc,heap        ] GC(13) Archive regions: 2->2
[1.058s][info][gc,heap        ] GC(13) Humongous regions: 20->20
[1.058s][info][gc,metaspace   ] GC(13) Metaspace: 3736K->3736K(1056768K)
[1.058s][info][gc             ] GC(13) Pause Full (G1 Evacuation Pause) 126M->117M(128M) 253.868ms
[1.058s][info][gc,cpu         ] GC(13) User=0.52s Sys=0.00s Real=0.26s
[1.059s][info][gc,marking     ] GC(5) Concurrent Mark From Roots 418.243ms
[1.059s][info][gc,marking     ] GC(5) Concurrent Mark Abort
[1.059s][info][gc             ] GC(5) Concurrent Cycle 430.938ms
[1.063s][info][gc,start       ] GC(14) Pause Young (Normal) (G1 Evacuation Pause)
[1.063s][info][gc,task        ] GC(14) Using 3 workers of 4 for evacuation
[1.086s][info][gc             ] GC(14) To-space exhausted
[1.086s][info][gc,phases      ] GC(14)   Pre Evacuate Collection Set: 0.0ms
[1.086s][info][gc,phases      ] GC(14)   Evacuate Collection Set: 14.6ms
[1.086s][info][gc,phases      ] GC(14)   Post Evacuate Collection Set: 8.3ms
[1.086s][info][gc,phases      ] GC(14)   Other: 0.2ms
[1.086s][info][gc,heap        ] GC(14) Eden regions: 6->0(6)
[1.086s][info][gc,heap        ] GC(14) Survivor regions: 0->0(0)
[1.086s][info][gc,heap        ] GC(14) Old regions: 100->106
[1.086s][info][gc,heap        ] GC(14) Archive regions: 2->2
[1.086s][info][gc,heap        ] GC(14) Humongous regions: 20->20
[1.086s][info][gc,metaspace   ] GC(14) Metaspace: 3741K->3741K(1056768K)
[1.086s][info][gc             ] GC(14) Pause Young (Normal) (G1 Evacuation Pause) 123M->123M(128M) 23.199ms
[1.086s][info][gc,cpu         ] GC(14) User=0.05s Sys=0.00s Real=0.03s
[1.086s][info][gc,task        ] GC(15) Using 3 workers of 4 for full compaction
[1.086s][info][gc,start       ] GC(15) Pause Full (G1 Evacuation Pause)
[1.086s][info][gc,phases,start] GC(15) Phase 1: Mark live objects
[1.183s][info][gc,stringtable ] GC(15) Cleaned string table, strings: 868 processed, 0 removed
[1.183s][info][gc,phases      ] GC(15) Phase 1: Mark live objects 97.063ms
[1.183s][info][gc,phases,start] GC(15) Phase 2: Prepare for compaction
[1.220s][info][gc,phases      ] GC(15) Phase 2: Prepare for compaction 36.779ms
[1.220s][info][gc,phases,start] GC(15) Phase 3: Adjust pointers
[1.263s][info][gc,phases      ] GC(15) Phase 3: Adjust pointers 43.343ms
[1.263s][info][gc,phases,start] GC(15) Phase 4: Compact heap
[1.304s][info][gc,phases      ] GC(15) Phase 4: Compact heap 40.724ms
[1.305s][info][gc,heap        ] GC(15) Eden regions: 0->0(6)
[1.305s][info][gc,heap        ] GC(15) Survivor regions: 0->0(0)
[1.305s][info][gc,heap        ] GC(15) Old regions: 106->104
[1.305s][info][gc,heap        ] GC(15) Archive regions: 2->2
[1.305s][info][gc,heap        ] GC(15) Humongous regions: 20->20
[1.305s][info][gc,metaspace   ] GC(15) Metaspace: 3741K->3741K(1056768K)
[1.305s][info][gc             ] GC(15) Pause Full (G1 Evacuation Pause) 123M->123M(128M) 219.600ms
[1.306s][info][gc,cpu         ] GC(15) User=0.52s Sys=0.00s Real=0.22s
[1.309s][info][gc,start       ] GC(16) Pause Young (Concurrent Start) (G1 Evacuation Pause)
[1.309s][info][gc,task        ] GC(16) Using 3 workers of 4 for evacuation
[1.319s][info][gc             ] GC(16) To-space exhausted
[1.319s][info][gc,phases      ] GC(16)   Pre Evacuate Collection Set: 0.0ms
[1.319s][info][gc,phases      ] GC(16)   Evacuate Collection Set: 4.5ms
[1.319s][info][gc,phases      ] GC(16)   Post Evacuate Collection Set: 4.8ms
[1.319s][info][gc,phases      ] GC(16)   Other: 0.2ms
[1.319s][info][gc,heap        ] GC(16) Eden regions: 2->0(6)
[1.319s][info][gc,heap        ] GC(16) Survivor regions: 0->0(0)
[1.319s][info][gc,heap        ] GC(16) Old regions: 104->106
[1.319s][info][gc,heap        ] GC(16) Archive regions: 2->2
[1.319s][info][gc,heap        ] GC(16) Humongous regions: 20->20
[1.319s][info][gc,metaspace   ] GC(16) Metaspace: 3766K->3766K(1056768K)
[1.319s][info][gc             ] GC(16) Pause Young (Concurrent Start) (G1 Evacuation Pause) 125M->125M(128M) 9.596ms
[1.319s][info][gc,cpu         ] GC(16) User=0.02s Sys=0.00s Real=0.01s
[1.319s][info][gc,task        ] GC(17) Using 3 workers of 4 for full compaction
[1.319s][info][gc             ] GC(18) Concurrent Cycle
[1.319s][info][gc,start       ] GC(17) Pause Full (G1 Evacuation Pause)
[1.319s][info][gc,marking     ] GC(18) Concurrent Clear Claimed Marks
[1.319s][info][gc,marking     ] GC(18) Concurrent Clear Claimed Marks 0.052ms
[1.319s][info][gc,marking     ] GC(18) Concurrent Scan Root Regions
[1.319s][info][gc,marking     ] GC(18) Concurrent Scan Root Regions 0.025ms
[1.319s][info][gc,marking     ] GC(18) Concurrent Mark (1.319s)
[1.319s][info][gc,marking     ] GC(18) Concurrent Mark From Roots
[1.319s][info][gc,task        ] GC(18) Using 1 workers of 1 for marking
[1.319s][info][gc,phases,start] GC(17) Phase 1: Mark live objects
[1.424s][info][gc,stringtable ] GC(17) Cleaned string table, strings: 868 processed, 0 removed
[1.424s][info][gc,phases      ] GC(17) Phase 1: Mark live objects 104.901ms
[1.424s][info][gc,phases,start] GC(17) Phase 2: Prepare for compaction
[1.456s][info][gc,phases      ] GC(17) Phase 2: Prepare for compaction 31.487ms
[1.456s][info][gc,phases,start] GC(17) Phase 3: Adjust pointers
[1.504s][info][gc,phases      ] GC(17) Phase 3: Adjust pointers 47.869ms
[1.504s][info][gc,phases,start] GC(17) Phase 4: Compact heap
[1.535s][info][gc,phases      ] GC(17) Phase 4: Compact heap 31.557ms
[1.536s][info][gc,heap        ] GC(17) Eden regions: 0->0(6)
[1.536s][info][gc,heap        ] GC(17) Survivor regions: 0->0(0)
[1.536s][info][gc,heap        ] GC(17) Old regions: 106->105
[1.536s][info][gc,heap        ] GC(17) Archive regions: 2->2
[1.536s][info][gc,heap        ] GC(17) Humongous regions: 20->20
[1.536s][info][gc,metaspace   ] GC(17) Metaspace: 3766K->3766K(1056768K)
[1.536s][info][gc             ] GC(17) Pause Full (G1 Evacuation Pause) 125M->125M(128M) 216.927ms
[1.536s][info][gc,cpu         ] GC(17) User=0.51s Sys=0.01s Real=0.22s
[1.537s][info][gc,marking     ] GC(18) Concurrent Mark From Roots 217.537ms
[1.537s][info][gc,marking     ] GC(18) Concurrent Mark Abort
[1.537s][info][gc             ] GC(18) Concurrent Cycle 217.839ms
[1.537s][info][gc,start       ] GC(19) Pause Young (Normal) (G1 Evacuation Pause)
[1.537s][info][gc,task        ] GC(19) Using 3 workers of 4 for evacuation
[1.542s][info][gc             ] GC(19) To-space exhausted
[1.542s][info][gc,phases      ] GC(19)   Pre Evacuate Collection Set: 0.0ms
[1.542s][info][gc,phases      ] GC(19)   Evacuate Collection Set: 3.1ms
[1.542s][info][gc,phases      ] GC(19)   Post Evacuate Collection Set: 2.0ms
[1.543s][info][gc,phases      ] GC(19)   Other: 0.2ms
[1.543s][info][gc,heap        ] GC(19) Eden regions: 1->0(6)
[1.543s][info][gc,heap        ] GC(19) Survivor regions: 0->0(0)
[1.543s][info][gc,heap        ] GC(19) Old regions: 105->106
[1.543s][info][gc,heap        ] GC(19) Archive regions: 2->2
[1.543s][info][gc,heap        ] GC(19) Humongous regions: 20->20
[1.543s][info][gc,metaspace   ] GC(19) Metaspace: 3769K->3769K(1056768K)
[1.543s][info][gc             ] GC(19) Pause Young (Normal) (G1 Evacuation Pause) 126M->126M(128M) 5.468ms
[1.543s][info][gc,cpu         ] GC(19) User=0.01s Sys=0.00s Real=0.00s
[1.543s][info][gc,task        ] GC(20) Using 3 workers of 4 for full compaction
[1.543s][info][gc,start       ] GC(20) Pause Full (G1 Evacuation Pause)
[1.543s][info][gc,phases,start] GC(20) Phase 1: Mark live objects
[1.646s][info][gc,stringtable ] GC(20) Cleaned string table, strings: 868 processed, 119 removed
[1.647s][info][gc,phases      ] GC(20) Phase 1: Mark live objects 103.689ms
[1.647s][info][gc,phases,start] GC(20) Phase 2: Prepare for compaction
[1.695s][info][gc,phases      ] GC(20) Phase 2: Prepare for compaction 48.282ms
[1.695s][info][gc,phases,start] GC(20) Phase 3: Adjust pointers
[1.757s][info][gc,phases      ] GC(20) Phase 3: Adjust pointers 62.018ms
[1.757s][info][gc,phases,start] GC(20) Phase 4: Compact heap
[1.828s][info][gc,phases      ] GC(20) Phase 4: Compact heap 71.129ms
[1.829s][info][gc,heap        ] GC(20) Eden regions: 0->0(6)
[1.829s][info][gc,heap        ] GC(20) Survivor regions: 0->0(0)
[1.829s][info][gc,heap        ] GC(20) Old regions: 106->106
[1.829s][info][gc,heap        ] GC(20) Archive regions: 2->2
[1.829s][info][gc,heap        ] GC(20) Humongous regions: 20->20
[1.829s][info][gc,metaspace   ] GC(20) Metaspace: 3769K->3695K(1056768K)
[1.829s][info][gc             ] GC(20) Pause Full (G1 Evacuation Pause) 126M->126M(128M) 286.362ms
[1.829s][info][gc,cpu         ] GC(20) User=0.58s Sys=0.00s Real=0.29s
[1.829s][info][gc,task        ] GC(21) Using 3 workers of 4 for full compaction
[1.829s][info][gc,start       ] GC(21) Pause Full (G1 Evacuation Pause)
[1.829s][info][gc,phases,start] GC(21) Phase 1: Mark live objects
[1.951s][info][gc,stringtable ] GC(21) Cleaned string table, strings: 749 processed, 12 removed
[1.951s][info][gc,phases      ] GC(21) Phase 1: Mark live objects 121.568ms
[1.951s][info][gc,phases,start] GC(21) Phase 2: Prepare for compaction
[1.988s][info][gc,phases      ] GC(21) Phase 2: Prepare for compaction 37.054ms
[1.988s][info][gc,phases,start] GC(21) Phase 3: Adjust pointers
[2.042s][info][gc,phases      ] GC(21) Phase 3: Adjust pointers 53.730ms
[2.042s][info][gc,phases,start] GC(21) Phase 4: Compact heap
[2.090s][info][gc,phases      ] GC(21) Phase 4: Compact heap 48.147ms
[2.091s][info][gc,heap        ] GC(21) Eden regions: 0->0(6)
[2.091s][info][gc,heap        ] GC(21) Survivor regions: 0->0(0)
[2.091s][info][gc,heap        ] GC(21) Old regions: 106->106
[2.091s][info][gc,heap        ] GC(21) Archive regions: 2->2
[2.091s][info][gc,heap        ] GC(21) Humongous regions: 20->20
[2.091s][info][gc,metaspace   ] GC(21) Metaspace: 3695K->3658K(1056768K)
[2.091s][info][gc             ] GC(21) Pause Full (G1 Evacuation Pause) 126M->126M(128M) 261.787ms
[2.091s][info][gc,cpu         ] GC(21) User=0.53s Sys=0.00s Real=0.26s
[2.091s][info][gc,start       ] GC(22) Pause Young (Concurrent Start) (G1 Evacuation Pause)
[2.091s][info][gc,task        ] GC(22) Using 3 workers of 4 for evacuation
[2.092s][info][gc,phases      ] GC(22)   Pre Evacuate Collection Set: 0.0ms
[2.092s][info][gc,phases      ] GC(22)   Evacuate Collection Set: 0.3ms
[2.092s][info][gc,phases      ] GC(22)   Post Evacuate Collection Set: 0.1ms
[2.092s][info][gc,phases      ] GC(22)   Other: 0.1ms
[2.092s][info][gc,heap        ] GC(22) Eden regions: 0->0(6)
[2.092s][info][gc,heap        ] GC(22) Survivor regions: 0->0(0)
[2.092s][info][gc,heap        ] GC(22) Old regions: 106->106
[2.092s][info][gc,heap        ] GC(22) Archive regions: 2->2
[2.092s][info][gc,heap        ] GC(22) Humongous regions: 20->20
[2.092s][info][gc,metaspace   ] GC(22) Metaspace: 3658K->3658K(1056768K)
[2.092s][info][gc             ] GC(22) Pause Young (Concurrent Start) (G1 Evacuation Pause) 126M->126M(128M) 0.616ms
[2.092s][info][gc,cpu         ] GC(22) User=0.00s Sys=0.00s Real=0.00s
[2.092s][info][gc,task        ] GC(23) Using 3 workers of 4 for full compaction
[2.092s][info][gc             ] GC(24) Concurrent Cycle
[2.092s][info][gc,start       ] GC(23) Pause Full (G1 Evacuation Pause)
[2.092s][info][gc,marking     ] GC(24) Concurrent Clear Claimed Marks
[2.092s][info][gc,marking     ] GC(24) Concurrent Clear Claimed Marks 0.044ms
[2.092s][info][gc,marking     ] GC(24) Concurrent Scan Root Regions
[2.092s][info][gc,marking     ] GC(24) Concurrent Scan Root Regions 0.015ms
[2.092s][info][gc,marking     ] GC(24) Concurrent Mark (2.092s)
[2.092s][info][gc,marking     ] GC(24) Concurrent Mark From Roots
[2.092s][info][gc,task        ] GC(24) Using 1 workers of 1 for marking
[2.092s][info][gc,phases,start] GC(23) Phase 1: Mark live objects
[2.193s][info][gc,stringtable ] GC(23) Cleaned string table, strings: 737 processed, 0 removed
[2.193s][info][gc,phases      ] GC(23) Phase 1: Mark live objects 100.912ms
[2.193s][info][gc,phases,start] GC(23) Phase 2: Prepare for compaction
[2.233s][info][gc,phases      ] GC(23) Phase 2: Prepare for compaction 39.463ms
[2.233s][info][gc,phases,start] GC(23) Phase 3: Adjust pointers
[2.273s][info][gc,phases      ] GC(23) Phase 3: Adjust pointers 40.006ms
[2.273s][info][gc,phases,start] GC(23) Phase 4: Compact heap
[2.299s][info][gc,phases      ] GC(23) Phase 4: Compact heap 26.528ms
[2.300s][info][gc,heap        ] GC(23) Eden regions: 0->0(6)
[2.300s][info][gc,heap        ] GC(23) Survivor regions: 0->0(0)
[2.300s][info][gc,heap        ] GC(23) Old regions: 106->106
[2.300s][info][gc,heap        ] GC(23) Archive regions: 2->2
[2.300s][info][gc,heap        ] GC(23) Humongous regions: 20->20
[2.300s][info][gc,metaspace   ] GC(23) Metaspace: 3658K->3658K(1056768K)
[2.300s][info][gc             ] GC(23) Pause Full (G1 Evacuation Pause) 126M->126M(128M) 208.048ms
[2.300s][info][gc,cpu         ] GC(23) User=0.50s Sys=0.00s Real=0.21s
[2.300s][info][gc,task        ] GC(25) Using 3 workers of 4 for full compaction
[2.300s][info][gc,start       ] GC(25) Pause Full (G1 Evacuation Pause)
[2.300s][info][gc,phases,start] GC(25) Phase 1: Mark live objects
[2.394s][info][gc,stringtable ] GC(25) Cleaned string table, strings: 737 processed, 0 removed
[2.394s][info][gc,phases      ] GC(25) Phase 1: Mark live objects 94.049ms
[2.394s][info][gc,phases,start] GC(25) Phase 2: Prepare for compaction
[2.425s][info][gc,phases      ] GC(25) Phase 2: Prepare for compaction 30.785ms
[2.425s][info][gc,phases,start] GC(25) Phase 3: Adjust pointers
[2.467s][info][gc,phases      ] GC(25) Phase 3: Adjust pointers 42.221ms
[2.467s][info][gc,phases,start] GC(25) Phase 4: Compact heap
[2.487s][info][gc,phases      ] GC(25) Phase 4: Compact heap 19.523ms
[2.488s][info][gc,heap        ] GC(25) Eden regions: 0->0(6)
[2.488s][info][gc,heap        ] GC(25) Survivor regions: 0->0(0)
[2.488s][info][gc,heap        ] GC(25) Old regions: 106->106
[2.488s][info][gc,heap        ] GC(25) Archive regions: 2->2
[2.488s][info][gc,heap        ] GC(25) Humongous regions: 20->20
[2.488s][info][gc,metaspace   ] GC(25) Metaspace: 3658K->3658K(1056768K)
[2.488s][info][gc             ] GC(25) Pause Full (G1 Evacuation Pause) 126M->126M(128M) 187.364ms
[2.488s][info][gc,cpu         ] GC(25) User=0.51s Sys=0.01s Real=0.19s
[2.488s][info][gc,marking     ] GC(24) Concurrent Mark From Roots 395.572ms
[2.488s][info][gc,marking     ] GC(24) Concurrent Mark Abort
[2.488s][info][gc             ] GC(24) Concurrent Cycle 395.767ms
[2.488s][info][gc,start       ] GC(26) Pause Young (Normal) (G1 Evacuation Pause)
[2.488s][info][gc,task        ] GC(26) Using 3 workers of 4 for evacuation
[2.488s][info][gc,phases      ] GC(26)   Pre Evacuate Collection Set: 0.0ms
[2.488s][info][gc,phases      ] GC(26)   Evacuate Collection Set: 0.1ms
[2.488s][info][gc,phases      ] GC(26)   Post Evacuate Collection Set: 0.1ms
[2.488s][info][gc,phases      ] GC(26)   Other: 0.1ms
[2.488s][info][gc,heap        ] GC(26) Eden regions: 0->0(6)
[2.488s][info][gc,heap        ] GC(26) Survivor regions: 0->0(0)
[2.488s][info][gc,heap        ] GC(26) Old regions: 106->106
[2.488s][info][gc,heap        ] GC(26) Archive regions: 2->2
[2.488s][info][gc,heap        ] GC(26) Humongous regions: 20->20
[2.488s][info][gc,metaspace   ] GC(26) Metaspace: 3658K->3658K(1056768K)
[2.488s][info][gc             ] GC(26) Pause Young (Normal) (G1 Evacuation Pause) 126M->126M(128M) 0.380ms
[2.488s][info][gc,cpu         ] GC(26) User=0.00s Sys=0.00s Real=0.00s
[2.488s][info][gc,task        ] GC(27) Using 3 workers of 4 for full compaction
[2.488s][info][gc,start       ] GC(27) Pause Full (G1 Evacuation Pause)
[2.488s][info][gc,phases,start] GC(27) Phase 1: Mark live objects
[2.579s][info][gc,stringtable ] GC(27) Cleaned string table, strings: 737 processed, 0 removed
[2.579s][info][gc,phases      ] GC(27) Phase 1: Mark live objects 90.528ms
[2.579s][info][gc,phases,start] GC(27) Phase 2: Prepare for compaction
[2.611s][info][gc,phases      ] GC(27) Phase 2: Prepare for compaction 32.497ms
[2.612s][info][gc,phases,start] GC(27) Phase 3: Adjust pointers
[2.656s][info][gc,phases      ] GC(27) Phase 3: Adjust pointers 44.431ms
[2.656s][info][gc,phases,start] GC(27) Phase 4: Compact heap
[2.689s][info][gc,phases      ] GC(27) Phase 4: Compact heap 32.691ms
[2.689s][info][gc,heap        ] GC(27) Eden regions: 0->0(6)
[2.689s][info][gc,heap        ] GC(27) Survivor regions: 0->0(0)
[2.689s][info][gc,heap        ] GC(27) Old regions: 106->106
[2.689s][info][gc,heap        ] GC(27) Archive regions: 2->2
[2.689s][info][gc,heap        ] GC(27) Humongous regions: 20->20
[2.689s][info][gc,metaspace   ] GC(27) Metaspace: 3658K->3658K(1056768K)
[2.689s][info][gc             ] GC(27) Pause Full (G1 Evacuation Pause) 126M->126M(128M) 200.952ms
[2.689s][info][gc,cpu         ] GC(27) User=0.52s Sys=0.00s Real=0.20s
[2.689s][info][gc,task        ] GC(28) Using 3 workers of 4 for full compaction
[2.689s][info][gc,start       ] GC(28) Pause Full (G1 Evacuation Pause)
[2.690s][info][gc,phases,start] GC(28) Phase 1: Mark live objects
[2.776s][info][gc,stringtable ] GC(28) Cleaned string table, strings: 737 processed, 0 removed
[2.776s][info][gc,phases      ] GC(28) Phase 1: Mark live objects 86.170ms
[2.776s][info][gc,phases,start] GC(28) Phase 2: Prepare for compaction
[2.809s][info][gc,phases      ] GC(28) Phase 2: Prepare for compaction 32.815ms
[2.809s][info][gc,phases,start] GC(28) Phase 3: Adjust pointers
[2.857s][info][gc,phases      ] GC(28) Phase 3: Adjust pointers 48.731ms
[2.857s][info][gc,phases,start] GC(28) Phase 4: Compact heap
[2.877s][info][gc,phases      ] GC(28) Phase 4: Compact heap 19.513ms
[2.877s][info][gc,heap        ] GC(28) Eden regions: 0->0(6)
[2.877s][info][gc,heap        ] GC(28) Survivor regions: 0->0(0)
[2.877s][info][gc,heap        ] GC(28) Old regions: 106->106
[2.877s][info][gc,heap        ] GC(28) Archive regions: 2->2
[2.877s][info][gc,heap        ] GC(28) Humongous regions: 20->20
[2.878s][info][gc,metaspace   ] GC(28) Metaspace: 3658K->3658K(1056768K)
[2.878s][info][gc             ] GC(28) Pause Full (G1 Evacuation Pause) 126M->126M(128M) 188.063ms
[2.878s][info][gc,cpu         ] GC(28) User=0.51s Sys=0.00s Real=0.19s
[2.878s][info][gc,start       ] GC(29) Pause Young (Concurrent Start) (G1 Evacuation Pause)
[2.878s][info][gc,task        ] GC(29) Using 3 workers of 4 for evacuation
[2.878s][info][gc,phases      ] GC(29)   Pre Evacuate Collection Set: 0.0ms
[2.878s][info][gc,phases      ] GC(29)   Evacuate Collection Set: 0.2ms
[2.878s][info][gc,phases      ] GC(29)   Post Evacuate Collection Set: 0.1ms
[2.878s][info][gc,phases      ] GC(29)   Other: 0.1ms
[2.878s][info][gc,heap        ] GC(29) Eden regions: 0->0(6)
[2.878s][info][gc,heap        ] GC(29) Survivor regions: 0->0(0)
[2.878s][info][gc,heap        ] GC(29) Old regions: 106->106
[2.878s][info][gc,heap        ] GC(29) Archive regions: 2->2
[2.878s][info][gc,heap        ] GC(29) Humongous regions: 20->20
[2.878s][info][gc,metaspace   ] GC(29) Metaspace: 3658K->3658K(1056768K)
[2.878s][info][gc             ] GC(29) Pause Young (Concurrent Start) (G1 Evacuation Pause) 126M->126M(128M) 0.487ms
[2.878s][info][gc,cpu         ] GC(29) User=0.00s Sys=0.00s Real=0.00s
[2.878s][info][gc,task        ] GC(30) Using 3 workers of 4 for full compaction
[2.878s][info][gc             ] GC(31) Concurrent Cycle
[2.878s][info][gc,start       ] GC(30) Pause Full (G1 Evacuation Pause)
[2.878s][info][gc,marking     ] GC(31) Concurrent Clear Claimed Marks
[2.878s][info][gc,marking     ] GC(31) Concurrent Clear Claimed Marks 0.035ms
[2.879s][info][gc,marking     ] GC(31) Concurrent Scan Root Regions
[2.879s][info][gc,marking     ] GC(31) Concurrent Scan Root Regions 0.034ms
[2.879s][info][gc,marking     ] GC(31) Concurrent Mark (2.879s)
[2.879s][info][gc,marking     ] GC(31) Concurrent Mark From Roots
[2.879s][info][gc,task        ] GC(31) Using 1 workers of 1 for marking
[2.879s][info][gc,phases,start] GC(30) Phase 1: Mark live objects
[2.960s][info][gc,stringtable ] GC(30) Cleaned string table, strings: 737 processed, 0 removed
[2.960s][info][gc,phases      ] GC(30) Phase 1: Mark live objects 81.229ms
[2.960s][info][gc,phases,start] GC(30) Phase 2: Prepare for compaction
[2.985s][info][gc,phases      ] GC(30) Phase 2: Prepare for compaction 25.256ms
[2.985s][info][gc,phases,start] GC(30) Phase 3: Adjust pointers
[3.017s][info][gc,phases      ] GC(30) Phase 3: Adjust pointers 32.015ms
[3.017s][info][gc,phases,start] GC(30) Phase 4: Compact heap
[3.035s][info][gc,phases      ] GC(30) Phase 4: Compact heap 17.149ms
[3.035s][info][gc,heap        ] GC(30) Eden regions: 0->0(6)
[3.035s][info][gc,heap        ] GC(30) Survivor regions: 0->0(0)
[3.035s][info][gc,heap        ] GC(30) Old regions: 106->106
[3.035s][info][gc,heap        ] GC(30) Archive regions: 2->2
[3.035s][info][gc,heap        ] GC(30) Humongous regions: 20->20
[3.035s][info][gc,metaspace   ] GC(30) Metaspace: 3658K->3658K(1056768K)
[3.035s][info][gc             ] GC(30) Pause Full (G1 Evacuation Pause) 126M->126M(128M) 156.707ms
[3.035s][info][gc,cpu         ] GC(30) User=0.44s Sys=0.00s Real=0.16s
[3.035s][info][gc,task        ] GC(32) Using 3 workers of 4 for full compaction
[3.035s][info][gc,start       ] GC(32) Pause Full (G1 Evacuation Pause)
[3.035s][info][gc,phases,start] GC(32) Phase 1: Mark live objects
[3.106s][info][gc,stringtable ] GC(32) Cleaned string table, strings: 737 processed, 0 removed
[3.106s][info][gc,phases      ] GC(32) Phase 1: Mark live objects 71.067ms
[3.106s][info][gc,phases,start] GC(32) Phase 2: Prepare for compaction
[3.137s][info][gc,phases      ] GC(32) Phase 2: Prepare for compaction 30.059ms
[3.137s][info][gc,phases,start] GC(32) Phase 3: Adjust pointers
[3.169s][info][gc,phases      ] GC(32) Phase 3: Adjust pointers 32.189ms
[3.169s][info][gc,phases,start] GC(32) Phase 4: Compact heap
[3.189s][info][gc,phases      ] GC(32) Phase 4: Compact heap 20.539ms
[3.190s][info][gc,heap        ] GC(32) Eden regions: 0->0(6)
[3.190s][info][gc,heap        ] GC(32) Survivor regions: 0->0(0)
[3.190s][info][gc,heap        ] GC(32) Old regions: 106->106
[3.190s][info][gc,heap        ] GC(32) Archive regions: 2->2
[3.190s][info][gc,heap        ] GC(32) Humongous regions: 20->20
[3.190s][info][gc,metaspace   ] GC(32) Metaspace: 3658K->3658K(1056768K)
[3.190s][info][gc             ] GC(32) Pause Full (G1 Evacuation Pause) 126M->126M(128M) 154.727ms
[3.190s][info][gc,cpu         ] GC(32) User=0.44s Sys=0.00s Real=0.15s
[3.190s][info][gc,marking     ] GC(31) Concurrent Mark From Roots 311.506ms
[3.190s][info][gc,marking     ] GC(31) Concurrent Mark Abort
[3.190s][info][gc             ] GC(31) Concurrent Cycle 311.767ms
[3.191s][info][gc,start       ] GC(33) Pause Young (Normal) (G1 Evacuation Pause)
[3.191s][info][gc,task        ] GC(33) Using 3 workers of 4 for evacuation
[3.191s][info][gc,phases      ] GC(33)   Pre Evacuate Collection Set: 0.0ms
[3.191s][info][gc,phases      ] GC(33)   Evacuate Collection Set: 0.1ms
[3.191s][info][gc,phases      ] GC(33)   Post Evacuate Collection Set: 0.1ms
[3.191s][info][gc,phases      ] GC(33)   Other: 0.1ms
[3.191s][info][gc,heap        ] GC(33) Eden regions: 0->0(6)
[3.191s][info][gc,heap        ] GC(33) Survivor regions: 0->0(0)
[3.191s][info][gc,heap        ] GC(33) Old regions: 106->106
[3.191s][info][gc,heap        ] GC(33) Archive regions: 2->2
[3.191s][info][gc,heap        ] GC(33) Humongous regions: 20->20
[3.191s][info][gc,metaspace   ] GC(33) Metaspace: 3658K->3658K(1056768K)
[3.191s][info][gc             ] GC(33) Pause Young (Normal) (G1 Evacuation Pause) 126M->126M(128M) 0.449ms
[3.191s][info][gc,cpu         ] GC(33) User=0.00s Sys=0.00s Real=0.00s
[3.191s][info][gc,task        ] GC(34) Using 3 workers of 4 for full compaction
[3.191s][info][gc,start       ] GC(34) Pause Full (G1 Evacuation Pause)
[3.191s][info][gc,phases,start] GC(34) Phase 1: Mark live objects
[3.265s][info][gc,stringtable ] GC(34) Cleaned string table, strings: 737 processed, 0 removed
[3.265s][info][gc,phases      ] GC(34) Phase 1: Mark live objects 73.457ms
[3.265s][info][gc,phases,start] GC(34) Phase 2: Prepare for compaction
[3.299s][info][gc,phases      ] GC(34) Phase 2: Prepare for compaction 34.735ms
[3.299s][info][gc,phases,start] GC(34) Phase 3: Adjust pointers
[3.334s][info][gc,phases      ] GC(34) Phase 3: Adjust pointers 34.178ms
[3.334s][info][gc,phases,start] GC(34) Phase 4: Compact heap
[3.356s][info][gc,phases      ] GC(34) Phase 4: Compact heap 22.110ms
[3.356s][info][gc,heap        ] GC(34) Eden regions: 0->0(6)
[3.356s][info][gc,heap        ] GC(34) Survivor regions: 0->0(0)
[3.356s][info][gc,heap        ] GC(34) Old regions: 106->106
[3.356s][info][gc,heap        ] GC(34) Archive regions: 2->2
[3.356s][info][gc,heap        ] GC(34) Humongous regions: 20->20
[3.356s][info][gc,metaspace   ] GC(34) Metaspace: 3658K->3658K(1056768K)
[3.356s][info][gc             ] GC(34) Pause Full (G1 Evacuation Pause) 126M->126M(128M) 165.358ms
[3.357s][info][gc,cpu         ] GC(34) User=0.46s Sys=0.01s Real=0.17s
[3.357s][info][gc,task        ] GC(35) Using 3 workers of 4 for full compaction
[3.357s][info][gc,start       ] GC(35) Pause Full (G1 Evacuation Pause)
[3.357s][info][gc,phases,start] GC(35) Phase 1: Mark live objects
[3.427s][info][gc,stringtable ] GC(35) Cleaned string table, strings: 737 processed, 0 removed
[3.427s][info][gc,phases      ] GC(35) Phase 1: Mark live objects 70.752ms
[3.427s][info][gc,phases,start] GC(35) Phase 2: Prepare for compaction
[3.452s][info][gc,phases      ] GC(35) Phase 2: Prepare for compaction 24.892ms
[3.452s][info][gc,phases,start] GC(35) Phase 3: Adjust pointers
[3.485s][info][gc,phases      ] GC(35) Phase 3: Adjust pointers 32.134ms
[3.485s][info][gc,phases,start] GC(35) Phase 4: Compact heap
[3.503s][info][gc,phases      ] GC(35) Phase 4: Compact heap 18.156ms
[3.503s][info][gc,heap        ] GC(35) Eden regions: 0->0(6)
[3.503s][info][gc,heap        ] GC(35) Survivor regions: 0->0(0)
[3.503s][info][gc,heap        ] GC(35) Old regions: 106->106
[3.503s][info][gc,heap        ] GC(35) Archive regions: 2->2
[3.503s][info][gc,heap        ] GC(35) Humongous regions: 20->20
[3.503s][info][gc,metaspace   ] GC(35) Metaspace: 3658K->3658K(1056768K)
[3.503s][info][gc             ] GC(35) Pause Full (G1 Evacuation Pause) 126M->126M(128M) 146.812ms
[3.503s][info][gc,cpu         ] GC(35) User=0.42s Sys=0.00s Real=0.14s
[3.504s][info][gc,start       ] GC(36) Pause Young (Concurrent Start) (G1 Evacuation Pause)
[3.504s][info][gc,task        ] GC(36) Using 3 workers of 4 for evacuation
[3.504s][info][gc,phases      ] GC(36)   Pre Evacuate Collection Set: 0.0ms
[3.504s][info][gc,phases      ] GC(36)   Evacuate Collection Set: 0.3ms
[3.504s][info][gc,phases      ] GC(36)   Post Evacuate Collection Set: 0.1ms
[3.504s][info][gc,phases      ] GC(36)   Other: 0.1ms
[3.504s][info][gc,heap        ] GC(36) Eden regions: 0->0(6)
[3.504s][info][gc,heap        ] GC(36) Survivor regions: 0->0(0)
[3.504s][info][gc,heap        ] GC(36) Old regions: 106->106
[3.504s][info][gc,heap        ] GC(36) Archive regions: 2->2
[3.504s][info][gc,heap        ] GC(36) Humongous regions: 20->20
[3.504s][info][gc,metaspace   ] GC(36) Metaspace: 3658K->3658K(1056768K)
[3.504s][info][gc             ] GC(36) Pause Young (Concurrent Start) (G1 Evacuation Pause) 126M->126M(128M) 0.526ms
[3.504s][info][gc,cpu         ] GC(36) User=0.00s Sys=0.00s Real=0.00s
[3.504s][info][gc,task        ] GC(37) Using 3 workers of 4 for full compaction
[3.504s][info][gc             ] GC(38) Concurrent Cycle
[3.504s][info][gc,start       ] GC(37) Pause Full (G1 Evacuation Pause)
[3.504s][info][gc,marking     ] GC(38) Concurrent Clear Claimed Marks
[3.505s][info][gc,marking     ] GC(38) Concurrent Clear Claimed Marks 0.082ms
[3.505s][info][gc,marking     ] GC(38) Concurrent Scan Root Regions
[3.505s][info][gc,marking     ] GC(38) Concurrent Scan Root Regions 0.038ms
[3.505s][info][gc,marking     ] GC(38) Concurrent Mark (3.505s)
[3.505s][info][gc,marking     ] GC(38) Concurrent Mark From Roots
[3.505s][info][gc,task        ] GC(38) Using 1 workers of 1 for marking
[3.505s][info][gc,phases,start] GC(37) Phase 1: Mark live objects
[3.578s][info][gc,stringtable ] GC(37) Cleaned string table, strings: 737 processed, 0 removed
[3.578s][info][gc,phases      ] GC(37) Phase 1: Mark live objects 73.699ms
[3.578s][info][gc,phases,start] GC(37) Phase 2: Prepare for compaction
[3.604s][info][gc,phases      ] GC(37) Phase 2: Prepare for compaction 25.267ms
[3.604s][info][gc,phases,start] GC(37) Phase 3: Adjust pointers
[3.640s][info][gc,phases      ] GC(37) Phase 3: Adjust pointers 36.597ms
[3.640s][info][gc,phases,start] GC(37) Phase 4: Compact heap
[3.665s][info][gc,phases      ] GC(37) Phase 4: Compact heap 24.128ms
[3.665s][info][gc,heap        ] GC(37) Eden regions: 0->0(6)
[3.665s][info][gc,heap        ] GC(37) Survivor regions: 0->0(0)
[3.665s][info][gc,heap        ] GC(37) Old regions: 106->106
[3.665s][info][gc,heap        ] GC(37) Archive regions: 2->2
[3.665s][info][gc,heap        ] GC(37) Humongous regions: 20->20
[3.665s][info][gc,metaspace   ] GC(37) Metaspace: 3658K->3658K(1056768K)
[3.665s][info][gc             ] GC(37) Pause Full (G1 Evacuation Pause) 126M->126M(128M) 160.892ms
[3.665s][info][gc,cpu         ] GC(37) User=0.45s Sys=0.00s Real=0.17s
[3.665s][info][gc,task        ] GC(39) Using 3 workers of 4 for full compaction
[3.665s][info][gc,start       ] GC(39) Pause Full (G1 Evacuation Pause)
[3.665s][info][gc,phases,start] GC(39) Phase 1: Mark live objects
[3.737s][info][gc,stringtable ] GC(39) Cleaned string table, strings: 737 processed, 0 removed
[3.737s][info][gc,phases      ] GC(39) Phase 1: Mark live objects 71.474ms
[3.737s][info][gc,phases,start] GC(39) Phase 2: Prepare for compaction
[3.762s][info][gc,phases      ] GC(39) Phase 2: Prepare for compaction 24.986ms
[3.762s][info][gc,phases,start] GC(39) Phase 3: Adjust pointers
[3.794s][info][gc,phases      ] GC(39) Phase 3: Adjust pointers 31.806ms
[3.794s][info][gc,phases,start] GC(39) Phase 4: Compact heap
[3.811s][info][gc,phases      ] GC(39) Phase 4: Compact heap 17.590ms
[3.812s][info][gc,heap        ] GC(39) Eden regions: 0->0(6)
[3.812s][info][gc,heap        ] GC(39) Survivor regions: 0->0(0)
[3.812s][info][gc,heap        ] GC(39) Old regions: 106->106
[3.812s][info][gc,heap        ] GC(39) Archive regions: 2->2
[3.812s][info][gc,heap        ] GC(39) Humongous regions: 20->20
[3.812s][info][gc,metaspace   ] GC(39) Metaspace: 3658K->3658K(1056768K)
[3.812s][info][gc             ] GC(39) Pause Full (G1 Evacuation Pause) 126M->126M(128M) 146.758ms
[3.812s][info][gc,cpu         ] GC(39) User=0.43s Sys=0.00s Real=0.14s
[3.812s][info][gc,marking     ] GC(38) Concurrent Mark From Roots 307.763ms
[3.812s][info][gc,marking     ] GC(38) Concurrent Mark Abort
[3.812s][info][gc             ] GC(38) Concurrent Cycle 308.097ms
[3.813s][info][gc,start       ] GC(40) Pause Young (Normal) (G1 Evacuation Pause)
[3.813s][info][gc,task        ] GC(40) Using 3 workers of 4 for evacuation
[3.813s][info][gc,phases      ] GC(40)   Pre Evacuate Collection Set: 0.0ms
[3.813s][info][gc,phases      ] GC(40)   Evacuate Collection Set: 0.1ms
[3.813s][info][gc,phases      ] GC(40)   Post Evacuate Collection Set: 0.1ms
[3.813s][info][gc,phases      ] GC(40)   Other: 0.1ms
[3.813s][info][gc,heap        ] GC(40) Eden regions: 0->0(6)
[3.813s][info][gc,heap        ] GC(40) Survivor regions: 0->0(0)
[3.813s][info][gc,heap        ] GC(40) Old regions: 106->106
[3.813s][info][gc,heap        ] GC(40) Archive regions: 2->2
[3.813s][info][gc,heap        ] GC(40) Humongous regions: 20->20
[3.813s][info][gc,metaspace   ] GC(40) Metaspace: 3658K->3658K(1056768K)
[3.813s][info][gc             ] GC(40) Pause Young (Normal) (G1 Evacuation Pause) 126M->126M(128M) 0.360ms
[3.813s][info][gc,cpu         ] GC(40) User=0.00s Sys=0.00s Real=0.00s
[3.813s][info][gc,task        ] GC(41) Using 3 workers of 4 for full compaction
[3.813s][info][gc,start       ] GC(41) Pause Full (G1 Evacuation Pause)
[3.813s][info][gc,phases,start] GC(41) Phase 1: Mark live objects
[3.889s][info][gc,stringtable ] GC(41) Cleaned string table, strings: 737 processed, 0 removed
[3.889s][info][gc,phases      ] GC(41) Phase 1: Mark live objects 75.506ms
[3.889s][info][gc,phases,start] GC(41) Phase 2: Prepare for compaction
[3.914s][info][gc,phases      ] GC(41) Phase 2: Prepare for compaction 24.803ms
[3.914s][info][gc,phases,start] GC(41) Phase 3: Adjust pointers
[3.955s][info][gc,phases      ] GC(41) Phase 3: Adjust pointers 41.755ms
[3.955s][info][gc,phases,start] GC(41) Phase 4: Compact heap
[3.980s][info][gc,phases      ] GC(41) Phase 4: Compact heap 24.201ms
[3.980s][info][gc,heap        ] GC(41) Eden regions: 0->0(6)
[3.980s][info][gc,heap        ] GC(41) Survivor regions: 0->0(0)
[3.980s][info][gc,heap        ] GC(41) Old regions: 106->106
[3.980s][info][gc,heap        ] GC(41) Archive regions: 2->2
[3.980s][info][gc,heap        ] GC(41) Humongous regions: 20->20
[3.980s][info][gc,metaspace   ] GC(41) Metaspace: 3658K->3658K(1056768K)
[3.980s][info][gc             ] GC(41) Pause Full (G1 Evacuation Pause) 126M->126M(128M) 167.151ms
[3.980s][info][gc,cpu         ] GC(41) User=0.47s Sys=0.00s Real=0.17s
[3.981s][info][gc,task        ] GC(42) Using 3 workers of 4 for full compaction
[3.981s][info][gc,start       ] GC(42) Pause Full (G1 Evacuation Pause)
[3.981s][info][gc,phases,start] GC(42) Phase 1: Mark live objects
[4.051s][info][gc,stringtable ] GC(42) Cleaned string table, strings: 737 processed, 0 removed
[4.051s][info][gc,phases      ] GC(42) Phase 1: Mark live objects 70.824ms
[4.051s][info][gc,phases,start] GC(42) Phase 2: Prepare for compaction
[4.077s][info][gc,phases      ] GC(42) Phase 2: Prepare for compaction 25.249ms
[4.077s][info][gc,phases,start] GC(42) Phase 3: Adjust pointers
[4.109s][info][gc,phases      ] GC(42) Phase 3: Adjust pointers 32.288ms
[4.109s][info][gc,phases,start] GC(42) Phase 4: Compact heap
[4.127s][info][gc,phases      ] GC(42) Phase 4: Compact heap 18.269ms
[4.128s][info][gc,heap        ] GC(42) Eden regions: 0->0(6)
[4.128s][info][gc,heap        ] GC(42) Survivor regions: 0->0(0)
[4.128s][info][gc,heap        ] GC(42) Old regions: 106->106
[4.128s][info][gc,heap        ] GC(42) Archive regions: 2->2
[4.128s][info][gc,heap        ] GC(42) Humongous regions: 20->20
[4.128s][info][gc,metaspace   ] GC(42) Metaspace: 3658K->3658K(1056768K)
[4.128s][info][gc             ] GC(42) Pause Full (G1 Evacuation Pause) 126M->126M(128M) 147.570ms
[4.128s][info][gc,cpu         ] GC(42) User=0.42s Sys=0.01s Real=0.15s
[4.128s][info][gc,start       ] GC(43) Pause Young (Concurrent Start) (G1 Evacuation Pause)
[4.128s][info][gc,task        ] GC(43) Using 3 workers of 4 for evacuation
[4.129s][info][gc,phases      ] GC(43)   Pre Evacuate Collection Set: 0.0ms
[4.129s][info][gc,phases      ] GC(43)   Evacuate Collection Set: 0.2ms
[4.129s][info][gc,phases      ] GC(43)   Post Evacuate Collection Set: 0.1ms
[4.129s][info][gc,phases      ] GC(43)   Other: 0.1ms
[4.129s][info][gc,heap        ] GC(43) Eden regions: 0->0(6)
[4.129s][info][gc,heap        ] GC(43) Survivor regions: 0->0(0)
[4.129s][info][gc,heap        ] GC(43) Old regions: 106->106
[4.129s][info][gc,heap        ] GC(43) Archive regions: 2->2
[4.129s][info][gc,heap        ] GC(43) Humongous regions: 20->20
[4.129s][info][gc,metaspace   ] GC(43) Metaspace: 3658K->3658K(1056768K)
[4.129s][info][gc             ] GC(43) Pause Young (Concurrent Start) (G1 Evacuation Pause) 126M->126M(128M) 0.495ms
[4.129s][info][gc,cpu         ] GC(43) User=0.00s Sys=0.00s Real=0.00s
[4.129s][info][gc,task        ] GC(44) Using 3 workers of 4 for full compaction
[4.129s][info][gc             ] GC(45) Concurrent Cycle
[4.129s][info][gc,start       ] GC(44) Pause Full (G1 Evacuation Pause)
[4.129s][info][gc,marking     ] GC(45) Concurrent Clear Claimed Marks
[4.129s][info][gc,marking     ] GC(45) Concurrent Clear Claimed Marks 0.042ms
[4.129s][info][gc,marking     ] GC(45) Concurrent Scan Root Regions
[4.129s][info][gc,marking     ] GC(45) Concurrent Scan Root Regions 0.010ms
[4.129s][info][gc,marking     ] GC(45) Concurrent Mark (4.129s)
[4.129s][info][gc,marking     ] GC(45) Concurrent Mark From Roots
[4.129s][info][gc,task        ] GC(45) Using 1 workers of 1 for marking
[4.129s][info][gc,phases,start] GC(44) Phase 1: Mark live objects
[4.202s][info][gc,stringtable ] GC(44) Cleaned string table, strings: 737 processed, 0 removed
[4.202s][info][gc,phases      ] GC(44) Phase 1: Mark live objects 73.027ms
[4.202s][info][gc,phases,start] GC(44) Phase 2: Prepare for compaction
[4.229s][info][gc,phases      ] GC(44) Phase 2: Prepare for compaction 26.348ms
[4.229s][info][gc,phases,start] GC(44) Phase 3: Adjust pointers
[4.265s][info][gc,phases      ] GC(44) Phase 3: Adjust pointers 36.241ms
[4.265s][info][gc,phases,start] GC(44) Phase 4: Compact heap
[4.283s][info][gc,phases      ] GC(44) Phase 4: Compact heap 17.905ms
[4.283s][info][gc,heap        ] GC(44) Eden regions: 0->0(6)
[4.283s][info][gc,heap        ] GC(44) Survivor regions: 0->0(0)
[4.283s][info][gc,heap        ] GC(44) Old regions: 106->106
[4.283s][info][gc,heap        ] GC(44) Archive regions: 2->2
[4.284s][info][gc,heap        ] GC(44) Humongous regions: 20->20
[4.284s][info][gc,metaspace   ] GC(44) Metaspace: 3658K->3658K(1056768K)
[4.284s][info][gc             ] GC(44) Pause Full (G1 Evacuation Pause) 126M->126M(128M) 154.611ms
[4.284s][info][gc,cpu         ] GC(44) User=0.44s Sys=0.00s Real=0.15s
[4.284s][info][gc,task        ] GC(46) Using 3 workers of 4 for full compaction
[4.284s][info][gc,start       ] GC(46) Pause Full (G1 Evacuation Pause)
[4.284s][info][gc,phases,start] GC(46) Phase 1: Mark live objects
[4.355s][info][gc,stringtable ] GC(46) Cleaned string table, strings: 737 processed, 0 removed
[4.355s][info][gc,phases      ] GC(46) Phase 1: Mark live objects 71.310ms
[4.355s][info][gc,phases,start] GC(46) Phase 2: Prepare for compaction
[4.380s][info][gc,phases      ] GC(46) Phase 2: Prepare for compaction 24.925ms
[4.380s][info][gc,phases,start] GC(46) Phase 3: Adjust pointers
[4.412s][info][gc,phases      ] GC(46) Phase 3: Adjust pointers 32.005ms
[4.412s][info][gc,phases,start] GC(46) Phase 4: Compact heap
[4.430s][info][gc,phases      ] GC(46) Phase 4: Compact heap 18.150ms
[4.431s][info][gc,heap        ] GC(46) Eden regions: 0->0(6)
[4.431s][info][gc,heap        ] GC(46) Survivor regions: 0->0(0)
[4.431s][info][gc,heap        ] GC(46) Old regions: 106->106
[4.431s][info][gc,heap        ] GC(46) Archive regions: 2->2
[4.431s][info][gc,heap        ] GC(46) Humongous regions: 20->20
[4.431s][info][gc,metaspace   ] GC(46) Metaspace: 3658K->3658K(1056768K)
[4.431s][info][gc             ] GC(46) Pause Full (G1 Evacuation Pause) 126M->126M(128M) 147.258ms
[4.431s][info][gc,cpu         ] GC(46) User=0.43s Sys=0.00s Real=0.15s
[4.431s][info][gc,marking     ] GC(45) Concurrent Mark From Roots 302.066ms
[4.431s][info][gc,marking     ] GC(45) Concurrent Mark Abort
[4.431s][info][gc             ] GC(45) Concurrent Cycle 302.238ms
[4.431s][info][gc,start       ] GC(47) Pause Young (Normal) (G1 Evacuation Pause)
[4.431s][info][gc,task        ] GC(47) Using 3 workers of 4 for evacuation
[4.432s][info][gc,phases      ] GC(47)   Pre Evacuate Collection Set: 0.0ms
[4.432s][info][gc,phases      ] GC(47)   Evacuate Collection Set: 0.1ms
[4.432s][info][gc,phases      ] GC(47)   Post Evacuate Collection Set: 0.1ms
[4.432s][info][gc,phases      ] GC(47)   Other: 0.1ms
[4.432s][info][gc,heap        ] GC(47) Eden regions: 0->0(6)
[4.432s][info][gc,heap        ] GC(47) Survivor regions: 0->0(0)
[4.432s][info][gc,heap        ] GC(47) Old regions: 106->106
[4.432s][info][gc,heap        ] GC(47) Archive regions: 2->2
[4.432s][info][gc,heap        ] GC(47) Humongous regions: 20->20
[4.432s][info][gc,metaspace   ] GC(47) Metaspace: 3658K->3658K(1056768K)
[4.432s][info][gc             ] GC(47) Pause Young (Normal) (G1 Evacuation Pause) 126M->126M(128M) 0.343ms
[4.432s][info][gc,cpu         ] GC(47) User=0.00s Sys=0.00s Real=0.00s
[4.432s][info][gc,task        ] GC(48) Using 3 workers of 4 for full compaction
[4.432s][info][gc,start       ] GC(48) Pause Full (G1 Evacuation Pause)
[4.432s][info][gc,phases,start] GC(48) Phase 1: Mark live objects
[4.434s][info][gc,stringtable ] GC(48) Cleaned string table, strings: 737 processed, 0 removed
[4.434s][info][gc,phases      ] GC(48) Phase 1: Mark live objects 2.031ms
[4.434s][info][gc,phases,start] GC(48) Phase 2: Prepare for compaction
[4.434s][info][gc,phases      ] GC(48) Phase 2: Prepare for compaction 0.463ms
[4.434s][info][gc,phases,start] GC(48) Phase 3: Adjust pointers
[4.436s][info][gc,phases      ] GC(48) Phase 3: Adjust pointers 1.248ms
[4.436s][info][gc,phases,start] GC(48) Phase 4: Compact heap
[4.436s][info][gc,phases      ] GC(48) Phase 4: Compact heap 0.493ms
[4.437s][info][gc,heap        ] GC(48) Eden regions: 0->0(51)
[4.437s][info][gc,heap        ] GC(48) Survivor regions: 0->0(0)
[4.437s][info][gc,heap        ] GC(48) Old regions: 106->3
[4.437s][info][gc,heap        ] GC(48) Archive regions: 2->2
[4.437s][info][gc,heap        ] GC(48) Humongous regions: 20->0
[4.437s][info][gc,metaspace   ] GC(48) Metaspace: 3658K->3658K(1056768K)
[4.437s][info][gc             ] GC(48) Pause Full (G1 Evacuation Pause) 126M->1M(128M) 4.917ms
[4.437s][info][gc,cpu         ] GC(48) User=0.01s Sys=0.00s Real=0.01s
[4.439s][info][gc,heap,exit   ] Heap
[4.439s][info][gc,heap,exit   ]  garbage-first heap   total 131072K, used 1893K [0x00000007f8000000, 0x0000000800000000)
[4.439s][info][gc,heap,exit   ]   region size 1024K, 1 young (1024K), 0 survivors (0K)
[4.439s][info][gc,heap,exit   ]  Metaspace       used 3666K, capacity 4800K, committed 5248K, reserved 1056768K
[4.439s][info][gc,heap,exit   ]   class space    used 419K, capacity 473K, committed 640K, reserved 1048576K
