[0.015s][info][gc] Using Serial
[0.016s][info][gc,heap,coops] Heap address: 0x00000007f8000000, size: 128 MB, Compressed Oops mode: Zero based, Oop shift amount: 3
[0.459s][info][gc,start     ] GC(0) Pause Young (Allocation Failure)
[0.517s][info][gc,heap      ] GC(0) DefNew: 34944K->4351K(39296K)
[0.517s][info][gc,heap      ] GC(0) Tenured: 0K->26692K(87424K)
[0.517s][info][gc,metaspace ] GC(0) Metaspace: 3272K->3272K(1056768K)
[0.517s][info][gc           ] GC(0) Pause Young (Allocation Failure) 34M->30M(123M) 58.422ms
[0.517s][info][gc,cpu       ] GC(0) User=0.05s Sys=0.01s Real=0.06s
[0.556s][info][gc,start     ] GC(1) Pause Young (Allocation Failure)
[0.661s][info][gc,heap      ] GC(1) DefNew: 39295K->4352K(39296K)
[0.661s][info][gc,heap      ] GC(1) Tenured: 26692K->60642K(87424K)
[0.661s][info][gc,metaspace ] GC(1) Metaspace: 3616K->3616K(1056768K)
[0.661s][info][gc           ] GC(1) Pause Young (Allocation Failure) 64M->63M(123M) 105.343ms
[0.661s][info][gc,cpu       ] GC(1) User=0.08s Sys=0.01s Real=0.10s
[0.671s][info][gc,start     ] GC(2) Pause Young (Allocation Failure)
[0.671s][info][gc,start     ] GC(3) Pause Full (Allocation Failure)
[0.671s][info][gc,phases,start] GC(3) Phase 1: Mark live objects
[0.741s][info][gc,phases      ] GC(3) Phase 1: Mark live objects 69.716ms
[0.741s][info][gc,phases,start] GC(3) Phase 2: Compute new object addresses
[0.772s][info][gc,phases      ] GC(3) Phase 2: Compute new object addresses 31.529ms
[0.772s][info][gc,phases,start] GC(3) Phase 3: Adjust pointers
[0.831s][info][gc,phases      ] GC(3) Phase 3: Adjust pointers 58.291ms
[0.831s][info][gc,phases,start] GC(3) Phase 4: Move objects
[0.868s][info][gc,phases      ] GC(3) Phase 4: Move objects 37.227ms
[0.868s][info][gc             ] GC(3) Pause Full (Allocation Failure) 97M->97M(123M) 197.290ms
[0.868s][info][gc,heap        ] GC(2) DefNew: 39296K->12160K(39296K)
[0.868s][info][gc,heap        ] GC(2) Tenured: 60642K->87423K(87424K)
[0.868s][info][gc,metaspace   ] GC(2) Metaspace: 3661K->3661K(1056768K)
[0.868s][info][gc             ] GC(2) Pause Young (Allocation Failure) 97M->97M(123M) 197.538ms
[0.868s][info][gc,cpu         ] GC(2) User=0.19s Sys=0.02s Real=0.20s
[0.921s][info][gc,start       ] GC(4) Pause Full (Allocation Failure)
[0.921s][info][gc,phases,start] GC(4) Phase 1: Mark live objects
[1.005s][info][gc,phases      ] GC(4) Phase 1: Mark live objects 83.716ms
[1.005s][info][gc,phases,start] GC(4) Phase 2: Compute new object addresses
[1.056s][info][gc,phases      ] GC(4) Phase 2: Compute new object addresses 51.599ms
[1.056s][info][gc,phases,start] GC(4) Phase 3: Adjust pointers
[1.126s][info][gc,phases      ] GC(4) Phase 3: Adjust pointers 69.166ms
[1.126s][info][gc,phases,start] GC(4) Phase 4: Move objects
[1.140s][info][gc,phases      ] GC(4) Phase 4: Move objects 14.578ms
[1.140s][info][gc,heap        ] GC(4) DefNew: 39296K->38747K(39296K)
[1.140s][info][gc,heap        ] GC(4) Tenured: 87423K->87423K(87424K)
[1.140s][info][gc,metaspace   ] GC(4) Metaspace: 3712K->3712K(1056768K)
[1.140s][info][gc             ] GC(4) Pause Full (Allocation Failure) 123M->123M(123M) 219.640ms
[1.140s][info][gc,cpu         ] GC(4) User=0.22s Sys=0.00s Real=0.22s
[1.148s][info][gc,start       ] GC(5) Pause Full (Allocation Failure)
[1.149s][info][gc,phases,start] GC(5) Phase 1: Mark live objects
[1.253s][info][gc,phases      ] GC(5) Phase 1: Mark live objects 104.343ms
[1.253s][info][gc,phases,start] GC(5) Phase 2: Compute new object addresses
[1.307s][info][gc,phases      ] GC(5) Phase 2: Compute new object addresses 53.976ms
[1.307s][info][gc,phases,start] GC(5) Phase 3: Adjust pointers
[1.392s][info][gc,phases      ] GC(5) Phase 3: Adjust pointers 84.497ms
[1.392s][info][gc,phases,start] GC(5) Phase 4: Move objects
[1.393s][info][gc,phases      ] GC(5) Phase 4: Move objects 1.559ms
[1.393s][info][gc,heap        ] GC(5) DefNew: 39295K->39270K(39296K)
[1.393s][info][gc,heap        ] GC(5) Tenured: 87423K->87423K(87424K)
[1.393s][info][gc,metaspace   ] GC(5) Metaspace: 3715K->3715K(1056768K)
[1.393s][info][gc             ] GC(5) Pause Full (Allocation Failure) 123M->123M(123M) 245.006ms
[1.394s][info][gc,cpu         ] GC(5) User=0.24s Sys=0.00s Real=0.24s
[1.394s][info][gc,start       ] GC(6) Pause Full (Allocation Failure)
[1.394s][info][gc,phases,start] GC(6) Phase 1: Mark live objects
[1.501s][info][gc,phases      ] GC(6) Phase 1: Mark live objects 107.295ms
[1.501s][info][gc,phases,start] GC(6) Phase 2: Compute new object addresses
[1.552s][info][gc,phases      ] GC(6) Phase 2: Compute new object addresses 50.731ms
[1.552s][info][gc,phases,start] GC(6) Phase 3: Adjust pointers
[1.626s][info][gc,phases      ] GC(6) Phase 3: Adjust pointers 73.396ms
[1.626s][info][gc,phases,start] GC(6) Phase 4: Move objects
[1.661s][info][gc,phases      ] GC(6) Phase 4: Move objects 35.161ms
[1.661s][info][gc,heap        ] GC(6) DefNew: 39296K->39268K(39296K)
[1.661s][info][gc,heap        ] GC(6) Tenured: 87423K->87423K(87424K)
[1.661s][info][gc,metaspace   ] GC(6) Metaspace: 3720K->3720K(1056768K)
[1.661s][info][gc             ] GC(6) Pause Full (Allocation Failure) 123M->123M(123M) 267.100ms
[1.661s][info][gc,cpu         ] GC(6) User=0.28s Sys=0.00s Real=0.26s
[1.662s][info][gc,start       ] GC(7) Pause Full (Allocation Failure)
[1.662s][info][gc,phases,start] GC(7) Phase 1: Mark live objects
[1.740s][info][gc,phases      ] GC(7) Phase 1: Mark live objects 77.803ms
[1.740s][info][gc,phases,start] GC(7) Phase 2: Compute new object addresses
[1.780s][info][gc,phases      ] GC(7) Phase 2: Compute new object addresses 40.015ms
[1.780s][info][gc,phases,start] GC(7) Phase 3: Adjust pointers
[1.835s][info][gc,phases      ] GC(7) Phase 3: Adjust pointers 55.138ms
[1.835s][info][gc,phases,start] GC(7) Phase 4: Move objects
[1.835s][info][gc,phases      ] GC(7) Phase 4: Move objects 0.033ms
[1.835s][info][gc,heap        ] GC(7) DefNew: 39295K->39295K(39296K)
[1.835s][info][gc,heap        ] GC(7) Tenured: 87423K->87423K(87424K)
[1.835s][info][gc,metaspace   ] GC(7) Metaspace: 3726K->3726K(1056768K)
[1.835s][info][gc             ] GC(7) Pause Full (Allocation Failure) 123M->123M(123M) 173.485ms
[1.835s][info][gc,cpu         ] GC(7) User=0.17s Sys=0.00s Real=0.18s
[1.836s][info][gc,start       ] GC(8) Pause Full (Allocation Failure)
[1.836s][info][gc,phases,start] GC(8) Phase 1: Mark live objects
[1.921s][info][gc,phases      ] GC(8) Phase 1: Mark live objects 85.026ms
[1.921s][info][gc,phases,start] GC(8) Phase 2: Compute new object addresses
[1.960s][info][gc,phases      ] GC(8) Phase 2: Compute new object addresses 39.595ms
[1.960s][info][gc,phases,start] GC(8) Phase 3: Adjust pointers
[2.021s][info][gc,phases      ] GC(8) Phase 3: Adjust pointers 60.170ms
[2.021s][info][gc,phases,start] GC(8) Phase 4: Move objects
[2.021s][info][gc,phases      ] GC(8) Phase 4: Move objects 0.021ms
[2.021s][info][gc,heap        ] GC(8) DefNew: 39295K->39295K(39296K)
[2.021s][info][gc,heap        ] GC(8) Tenured: 87423K->87423K(87424K)
[2.021s][info][gc,metaspace   ] GC(8) Metaspace: 3726K->3726K(1056768K)
[2.021s][info][gc             ] GC(8) Pause Full (Allocation Failure) 123M->123M(123M) 185.257ms
[2.021s][info][gc,cpu         ] GC(8) User=0.18s Sys=0.00s Real=0.18s
[2.021s][info][gc,start       ] GC(9) Pause Full (Allocation Failure)
[2.021s][info][gc,phases,start] GC(9) Phase 1: Mark live objects
[2.090s][info][gc,phases      ] GC(9) Phase 1: Mark live objects 68.782ms
[2.090s][info][gc,phases,start] GC(9) Phase 2: Compute new object addresses
[2.127s][info][gc,phases      ] GC(9) Phase 2: Compute new object addresses 37.507ms
[2.127s][info][gc,phases,start] GC(9) Phase 3: Adjust pointers
[2.182s][info][gc,phases      ] GC(9) Phase 3: Adjust pointers 54.436ms
[2.182s][info][gc,phases,start] GC(9) Phase 4: Move objects
[2.216s][info][gc,phases      ] GC(9) Phase 4: Move objects 34.066ms
[2.216s][info][gc,heap        ] GC(9) DefNew: 39295K->39152K(39296K)
[2.216s][info][gc,heap        ] GC(9) Tenured: 87423K->87424K(87424K)
[2.216s][info][gc,metaspace   ] GC(9) Metaspace: 3726K->3615K(1056768K)
[2.216s][info][gc             ] GC(9) Pause Full (Allocation Failure) 123M->123M(123M) 195.487ms
[2.216s][info][gc,cpu         ] GC(9) User=0.20s Sys=0.00s Real=0.20s
[2.218s][info][gc,start       ] GC(10) Pause Full (Allocation Failure)
[2.218s][info][gc,phases,start] GC(10) Phase 1: Mark live objects
[2.290s][info][gc,phases      ] GC(10) Phase 1: Mark live objects 72.414ms
[2.290s][info][gc,phases,start] GC(10) Phase 2: Compute new object addresses
[2.330s][info][gc,phases      ] GC(10) Phase 2: Compute new object addresses 39.167ms
[2.330s][info][gc,phases,start] GC(10) Phase 3: Adjust pointers
[2.384s][info][gc,phases      ] GC(10) Phase 3: Adjust pointers 53.906ms
[2.384s][info][gc,phases,start] GC(10) Phase 4: Move objects
[2.384s][info][gc,phases      ] GC(10) Phase 4: Move objects 0.076ms
[2.384s][info][gc,heap        ] GC(10) DefNew: 39292K->39287K(39296K)
[2.384s][info][gc,heap        ] GC(10) Tenured: 87424K->87424K(87424K)
[2.384s][info][gc,metaspace   ] GC(10) Metaspace: 3628K->3628K(1056768K)
[2.384s][info][gc             ] GC(10) Pause Full (Allocation Failure) 123M->123M(123M) 166.031ms
[2.384s][info][gc,cpu         ] GC(10) User=0.17s Sys=0.00s Real=0.17s
[2.384s][info][gc,start       ] GC(11) Pause Full (Allocation Failure)
[2.384s][info][gc,phases,start] GC(11) Phase 1: Mark live objects
[2.453s][info][gc,phases      ] GC(11) Phase 1: Mark live objects 68.808ms
[2.453s][info][gc,phases,start] GC(11) Phase 2: Compute new object addresses
[2.493s][info][gc,phases      ] GC(11) Phase 2: Compute new object addresses 39.903ms
[2.493s][info][gc,phases,start] GC(11) Phase 3: Adjust pointers
[2.548s][info][gc,phases      ] GC(11) Phase 3: Adjust pointers 54.909ms
[2.548s][info][gc,phases,start] GC(11) Phase 4: Move objects
[2.548s][info][gc,phases      ] GC(11) Phase 4: Move objects 0.040ms
[2.548s][info][gc,heap        ] GC(11) DefNew: 39295K->39295K(39296K)
[2.548s][info][gc,heap        ] GC(11) Tenured: 87424K->87424K(87424K)
[2.548s][info][gc,metaspace   ] GC(11) Metaspace: 3628K->3628K(1056768K)
[2.548s][info][gc             ] GC(11) Pause Full (Allocation Failure) 123M->123M(123M) 164.125ms
[2.548s][info][gc,cpu         ] GC(11) User=0.16s Sys=0.00s Real=0.16s
[2.548s][info][gc,start       ] GC(12) Pause Full (Allocation Failure)
[2.549s][info][gc,phases,start] GC(12) Phase 1: Mark live objects
[2.621s][info][gc,phases      ] GC(12) Phase 1: Mark live objects 72.010ms
[2.621s][info][gc,phases,start] GC(12) Phase 2: Compute new object addresses
[2.660s][info][gc,phases      ] GC(12) Phase 2: Compute new object addresses 39.181ms
[2.660s][info][gc,phases,start] GC(12) Phase 3: Adjust pointers
[2.714s][info][gc,phases      ] GC(12) Phase 3: Adjust pointers 54.072ms
[2.714s][info][gc,phases,start] GC(12) Phase 4: Move objects
[2.714s][info][gc,phases      ] GC(12) Phase 4: Move objects 0.019ms
[2.714s][info][gc,heap        ] GC(12) DefNew: 39295K->39295K(39296K)
[2.714s][info][gc,heap        ] GC(12) Tenured: 87424K->87424K(87424K)
[2.714s][info][gc,metaspace   ] GC(12) Metaspace: 3628K->3628K(1056768K)
[2.714s][info][gc             ] GC(12) Pause Full (Allocation Failure) 123M->123M(123M) 165.731ms
[2.714s][info][gc,cpu         ] GC(12) User=0.17s Sys=0.00s Real=0.17s
[2.714s][info][gc,start       ] GC(13) Pause Full (Allocation Failure)
[2.714s][info][gc,phases,start] GC(13) Phase 1: Mark live objects
[2.783s][info][gc,phases      ] GC(13) Phase 1: Mark live objects 68.713ms
[2.783s][info][gc,phases,start] GC(13) Phase 2: Compute new object addresses
[2.824s][info][gc,phases      ] GC(13) Phase 2: Compute new object addresses 41.102ms
[2.824s][info][gc,phases,start] GC(13) Phase 3: Adjust pointers
[2.879s][info][gc,phases      ] GC(13) Phase 3: Adjust pointers 54.586ms
[2.879s][info][gc,phases,start] GC(13) Phase 4: Move objects
[2.879s][info][gc,phases      ] GC(13) Phase 4: Move objects 0.021ms
[2.879s][info][gc,heap        ] GC(13) DefNew: 39295K->39295K(39296K)
[2.879s][info][gc,heap        ] GC(13) Tenured: 87424K->87424K(87424K)
[2.879s][info][gc,metaspace   ] GC(13) Metaspace: 3628K->3628K(1056768K)
[2.879s][info][gc             ] GC(13) Pause Full (Allocation Failure) 123M->123M(123M) 164.884ms
[2.879s][info][gc,cpu         ] GC(13) User=0.16s Sys=0.00s Real=0.16s
[2.879s][info][gc,start       ] GC(14) Pause Full (Allocation Failure)
[2.879s][info][gc,phases,start] GC(14) Phase 1: Mark live objects
[2.951s][info][gc,phases      ] GC(14) Phase 1: Mark live objects 71.465ms
[2.951s][info][gc,phases,start] GC(14) Phase 2: Compute new object addresses
[2.989s][info][gc,phases      ] GC(14) Phase 2: Compute new object addresses 38.056ms
[2.989s][info][gc,phases,start] GC(14) Phase 3: Adjust pointers
[3.044s][info][gc,phases      ] GC(14) Phase 3: Adjust pointers 54.984ms
[3.044s][info][gc,phases,start] GC(14) Phase 4: Move objects
[3.067s][info][gc,phases      ] GC(14) Phase 4: Move objects 22.980ms
[3.067s][info][gc,heap        ] GC(14) DefNew: 39295K->39289K(39296K)
[3.067s][info][gc,heap        ] GC(14) Tenured: 87424K->87424K(87424K)
[3.067s][info][gc,metaspace   ] GC(14) Metaspace: 3629K->3629K(1056768K)
[3.067s][info][gc             ] GC(14) Pause Full (Allocation Failure) 123M->123M(123M) 188.009ms
[3.067s][info][gc,cpu         ] GC(14) User=0.19s Sys=0.00s Real=0.19s
[3.068s][info][gc,start       ] GC(15) Pause Full (Allocation Failure)
[3.068s][info][gc,phases,start] GC(15) Phase 1: Mark live objects
[3.137s][info][gc,phases      ] GC(15) Phase 1: Mark live objects 68.816ms
[3.137s][info][gc,phases,start] GC(15) Phase 2: Compute new object addresses
[3.176s][info][gc,phases      ] GC(15) Phase 2: Compute new object addresses 39.347ms
[3.176s][info][gc,phases,start] GC(15) Phase 3: Adjust pointers
[3.230s][info][gc,phases      ] GC(15) Phase 3: Adjust pointers 53.790ms
[3.230s][info][gc,phases,start] GC(15) Phase 4: Move objects
[3.230s][info][gc,phases      ] GC(15) Phase 4: Move objects 0.083ms
[3.230s][info][gc,heap        ] GC(15) DefNew: 39295K->39293K(39296K)
[3.230s][info][gc,heap        ] GC(15) Tenured: 87424K->87424K(87424K)
[3.230s][info][gc,metaspace   ] GC(15) Metaspace: 3629K->3629K(1056768K)
[3.230s][info][gc             ] GC(15) Pause Full (Allocation Failure) 123M->123M(123M) 162.549ms
[3.230s][info][gc,cpu         ] GC(15) User=0.16s Sys=0.00s Real=0.16s
[3.231s][info][gc,start       ] GC(16) Pause Full (Allocation Failure)
[3.231s][info][gc,phases,start] GC(16) Phase 1: Mark live objects
[3.303s][info][gc,phases      ] GC(16) Phase 1: Mark live objects 72.314ms
[3.303s][info][gc,phases,start] GC(16) Phase 2: Compute new object addresses
[3.342s][info][gc,phases      ] GC(16) Phase 2: Compute new object addresses 39.222ms
[3.342s][info][gc,phases,start] GC(16) Phase 3: Adjust pointers
[3.397s][info][gc,phases      ] GC(16) Phase 3: Adjust pointers 54.281ms
[3.397s][info][gc,phases,start] GC(16) Phase 4: Move objects
[3.397s][info][gc,phases      ] GC(16) Phase 4: Move objects 0.018ms
[3.397s][info][gc,heap        ] GC(16) DefNew: 39295K->39295K(39296K)
[3.397s][info][gc,heap        ] GC(16) Tenured: 87424K->87424K(87424K)
[3.397s][info][gc,metaspace   ] GC(16) Metaspace: 3629K->3629K(1056768K)
[3.397s][info][gc             ] GC(16) Pause Full (Allocation Failure) 123M->123M(123M) 166.266ms
[3.397s][info][gc,cpu         ] GC(16) User=0.17s Sys=0.00s Real=0.17s
[3.397s][info][gc,start       ] GC(17) Pause Full (Allocation Failure)
[3.397s][info][gc,phases,start] GC(17) Phase 1: Mark live objects
[3.465s][info][gc,phases      ] GC(17) Phase 1: Mark live objects 67.670ms
[3.465s][info][gc,phases,start] GC(17) Phase 2: Compute new object addresses
[3.503s][info][gc,phases      ] GC(17) Phase 2: Compute new object addresses 38.141ms
[3.503s][info][gc,phases,start] GC(17) Phase 3: Adjust pointers
[3.558s][info][gc,phases      ] GC(17) Phase 3: Adjust pointers 54.652ms
[3.558s][info][gc,phases,start] GC(17) Phase 4: Move objects
[3.581s][info][gc,phases      ] GC(17) Phase 4: Move objects 22.924ms
[3.581s][info][gc,heap        ] GC(17) DefNew: 39295K->39295K(39296K)
[3.581s][info][gc,heap        ] GC(17) Tenured: 87424K->87424K(87424K)
[3.581s][info][gc,metaspace   ] GC(17) Metaspace: 3629K->3629K(1056768K)
[3.581s][info][gc             ] GC(17) Pause Full (Allocation Failure) 123M->123M(123M) 183.899ms
[3.581s][info][gc,cpu         ] GC(17) User=0.18s Sys=0.00s Real=0.18s
[3.581s][info][gc,start       ] GC(18) Pause Full (Allocation Failure)
[3.581s][info][gc,phases,start] GC(18) Phase 1: Mark live objects
[3.652s][info][gc,phases      ] GC(18) Phase 1: Mark live objects 70.423ms
[3.652s][info][gc,phases,start] GC(18) Phase 2: Compute new object addresses
[3.691s][info][gc,phases      ] GC(18) Phase 2: Compute new object addresses 39.127ms
[3.691s][info][gc,phases,start] GC(18) Phase 3: Adjust pointers
[3.745s][info][gc,phases      ] GC(18) Phase 3: Adjust pointers 53.674ms
[3.745s][info][gc,phases,start] GC(18) Phase 4: Move objects
[3.745s][info][gc,phases      ] GC(18) Phase 4: Move objects 0.020ms
[3.745s][info][gc,heap        ] GC(18) DefNew: 39295K->39295K(39296K)
[3.745s][info][gc,heap        ] GC(18) Tenured: 87424K->87424K(87424K)
[3.745s][info][gc,metaspace   ] GC(18) Metaspace: 3629K->3629K(1056768K)
[3.745s][info][gc             ] GC(18) Pause Full (Allocation Failure) 123M->123M(123M) 163.691ms
[3.745s][info][gc,cpu         ] GC(18) User=0.17s Sys=0.00s Real=0.17s
[3.745s][info][gc,start       ] GC(19) Pause Full (Allocation Failure)
[3.745s][info][gc,phases,start] GC(19) Phase 1: Mark live objects
[3.812s][info][gc,phases      ] GC(19) Phase 1: Mark live objects 67.161ms
[3.812s][info][gc,phases,start] GC(19) Phase 2: Compute new object addresses
[3.851s][info][gc,phases      ] GC(19) Phase 2: Compute new object addresses 39.110ms
[3.851s][info][gc,phases,start] GC(19) Phase 3: Adjust pointers
[3.905s][info][gc,phases      ] GC(19) Phase 3: Adjust pointers 53.812ms
[3.905s][info][gc,phases,start] GC(19) Phase 4: Move objects
[3.905s][info][gc,phases      ] GC(19) Phase 4: Move objects 0.021ms
[3.905s][info][gc,heap        ] GC(19) DefNew: 39295K->39295K(39296K)
[3.905s][info][gc,heap        ] GC(19) Tenured: 87424K->87424K(87424K)
[3.905s][info][gc,metaspace   ] GC(19) Metaspace: 3629K->3629K(1056768K)
[3.905s][info][gc             ] GC(19) Pause Full (Allocation Failure) 123M->123M(123M) 160.564ms
[3.906s][info][gc,cpu         ] GC(19) User=0.16s Sys=0.00s Real=0.16s
[3.906s][info][gc,start       ] GC(20) Pause Full (Allocation Failure)
[3.906s][info][gc,phases,start] GC(20) Phase 1: Mark live objects
[3.909s][info][gc,phases      ] GC(20) Phase 1: Mark live objects 2.583ms
[3.909s][info][gc,phases,start] GC(20) Phase 2: Compute new object addresses
[3.933s][info][gc,phases      ] GC(20) Phase 2: Compute new object addresses 24.370ms
[3.933s][info][gc,phases,start] GC(20) Phase 3: Adjust pointers
[3.935s][info][gc,phases      ] GC(20) Phase 3: Adjust pointers 1.973ms
[3.935s][info][gc,phases,start] GC(20) Phase 4: Move objects
[3.936s][info][gc,phases      ] GC(20) Phase 4: Move objects 0.556ms
[3.936s][info][gc,heap        ] GC(20) DefNew: 39295K->0K(39296K)
[3.936s][info][gc,heap        ] GC(20) Tenured: 87424K->1551K(87424K)
[3.936s][info][gc,metaspace   ] GC(20) Metaspace: 3630K->3630K(1056768K)
[3.936s][info][gc             ] GC(20) Pause Full (Allocation Failure) 123M->1M(123M) 29.839ms
[3.936s][info][gc,cpu         ] GC(20) User=0.03s Sys=0.00s Real=0.03s
[3.938s][info][gc,heap,exit   ] Heap
[3.938s][info][gc,heap,exit   ]  def new generation   total 39296K, used 1981K [0x00000007f8000000, 0x00000007faaa0000, 0x00000007faaa0000)
[3.938s][info][gc,heap,exit   ]   eden space 34944K,   5% used [0x00000007f8000000, 0x00000007f81ef6a8, 0x00000007fa220000)
[3.939s][info][gc,heap,exit   ]   from space 4352K,   0% used [0x00000007fa220000, 0x00000007fa220000, 0x00000007fa660000)
[3.939s][info][gc,heap,exit   ]   to   space 4352K,   0% used [0x00000007fa660000, 0x00000007fa660000, 0x00000007faaa0000)
[3.939s][info][gc,heap,exit   ]  tenured generation   total 87424K, used 1551K [0x00000007faaa0000, 0x0000000800000000, 0x0000000800000000)
[3.939s][info][gc,heap,exit   ]    the space 87424K,   1% used [0x00000007faaa0000, 0x00000007fac23d20, 0x00000007fac23e00, 0x0000000800000000)
[3.939s][info][gc,heap,exit   ]  Metaspace       used 3647K, capacity 4799K, committed 5248K, reserved 1056768K
[3.939s][info][gc,heap,exit   ]   class space    used 419K, capacity 473K, committed 640K, reserved 1048576K
